
> exown@0.1.0 build
> prisma generate && next build

Environment variables loaded from .env
Prisma schema loaded from prisma\schema.prisma

Γ£ö Generated Prisma Client (v5.22.0) to .\node_modules\@prisma\client in 288ms

Start by importing your Prisma Client (See: https://pris.ly/d/importing-client)

Tip: Want real-time updates to your database without manual polling? Discover how with Pulse: https://pris.ly/tip-0-pulse

   Γû▓ Next.js 15.5.18
   - Environments: .env

   Creating an optimized production build ...
 Γ£ô Compiled successfully in 7.0s
   Linting and checking validity of types ...
node.exe : 
At line:1 char:1
+ & "C:\Program Files\nodejs/node.exe" "C:\Program Files\nodejs/node_mo ...
+ ~~~~~~~~~~~~~~~~~~~~~~~~~~~~~~~~~~~~~~~~~~~~~~~~~~~~~~~~~~~~~~~~~~~~~
    + CategoryInfo          : NotSpecified: (:String) [], RemoteException
    + FullyQualifiedErrorId : NativeCommandError
 
Failed to compile.

./src/actions/admin.ts
62:12  Warning: 'err' is defined but never used. Allowed unused caught errors must match /^_/u.  
@typescript-eslint/no-unused-vars
82:12  Warning: 'err' is defined but never used. Allowed unused caught errors must match /^_/u.  
@typescript-eslint/no-unused-vars
98:12  Warning: 'err' is defined but never used. Allowed unused caught errors must match /^_/u.  
@typescript-eslint/no-unused-vars
122:12  Warning: 'err' is defined but never used. Allowed unused caught errors must match /^_/u.  
@typescript-eslint/no-unused-vars
137:12  Warning: 'err' is defined but never used. Allowed unused caught errors must match /^_/u.  
@typescript-eslint/no-unused-vars
168:12  Warning: 'err' is defined but never used. Allowed unused caught errors must match /^_/u.  
@typescript-eslint/no-unused-vars
224:12  Warning: 'err' is defined but never used. Allowed unused caught errors must match /^_/u.  
@typescript-eslint/no-unused-vars
239:12  Warning: 'err' is defined but never used. Allowed unused caught errors must match /^_/u.  
@typescript-eslint/no-unused-vars
257:12  Warning: 'err' is defined but never used. Allowed unused caught errors must match /^_/u.  
@typescript-eslint/no-unused-vars
272:12  Warning: 'err' is defined but never used. Allowed unused caught errors must match /^_/u.  
@typescript-eslint/no-unused-vars

./src/actions/chat.ts
128:12  Warning: 'error' is defined but never used. Allowed unused caught errors must match /^_/u.  
@typescript-eslint/no-unused-vars

./src/actions/location.ts
52:45  Warning: 'data' is defined but never used. Allowed unused args must match /^_/u.  
@typescript-eslint/no-unused-vars

./src/actions/notification.ts
46:12  Warning: 'error' is defined but never used. Allowed unused caught errors must match /^_/u.  
@typescript-eslint/no-unused-vars
58:12  Warning: 'error' is defined but never used. Allowed unused caught errors must match /^_/u.  
@typescript-eslint/no-unused-vars
70:12  Warning: 'error' is defined but never used. Allowed unused caught errors must match /^_/u.  
@typescript-eslint/no-unused-vars

./src/actions/offer.ts
61:11  Warning: 'updated' is assigned a value but never used. Allowed unused vars must match /^_/u.  
@typescript-eslint/no-unused-vars

./src/actions/rental.ts
118:12  Warning: 'err' is defined but never used. Allowed unused caught errors must match /^_/u.  
@typescript-eslint/no-unused-vars

./src/actions/service.ts
64:12  Warning: 'err' is defined but never used. Allowed unused caught errors must match /^_/u.  
@typescript-eslint/no-unused-vars

./src/actions/transaction.ts
40:11  Warning: 'updated' is assigned a value but never used. Allowed unused vars must match /^_/u.  
@typescript-eslint/no-unused-vars

./src/actions/wishlist.ts
95:12  Warning: 'error' is defined but never used. Allowed unused caught errors must match /^_/u.  
@typescript-eslint/no-unused-vars

./src/app/about/page.tsx
1:10  Warning: 'ShoppingBag' is defined but never used. Allowed unused vars must match /^_/u.  
@typescript-eslint/no-unused-vars

./src/app/admin/ai-rules/page.tsx
43:14  Warning: 'err' is defined but never used. Allowed unused caught errors must match /^_/u.  
@typescript-eslint/no-unused-vars

./src/app/admin/listings/page.tsx
3:19  Warning: 'Search' is defined but never used. Allowed unused vars must match /^_/u.  
@typescript-eslint/no-unused-vars
3:49  Warning: 'AlertTriangle' is defined but never used. Allowed unused vars must match /^_/u.  
@typescript-eslint/no-unused-vars

./src/app/admin/payments/page.tsx
3:10  Warning: 'CreditCard' is defined but never used. Allowed unused vars must match /^_/u.  
@typescript-eslint/no-unused-vars

./src/app/admin/reports/page.tsx
3:38  Warning: 'Search' is defined but never used. Allowed unused vars must match /^_/u.  
@typescript-eslint/no-unused-vars
3:46  Warning: 'XCircle' is defined but never used. Allowed unused vars must match /^_/u.  
@typescript-eslint/no-unused-vars

./src/app/admin/users/page.tsx
2:10  Warning: 'format' is defined but never used. Allowed unused vars must match /^_/u.  
@typescript-eslint/no-unused-vars
3:62  Warning: 'Package' is defined but never used. Allowed unused vars must match /^_/u.  
@typescript-eslint/no-unused-vars
3:71  Warning: 'MessageSquare' is defined but never used. Allowed unused vars must match /^_/u.  
@typescript-eslint/no-unused-vars

./src/app/api/ai/analyze/route.ts
80:14  Warning: 'parseError' is defined but never used. Allowed unused caught errors must match /^_/u.  
@typescript-eslint/no-unused-vars

./src/app/api/payment/webhook/route.ts
40:15  Warning: 'amount' is assigned a value but never used. Allowed unused vars must match /^_/u.  
@typescript-eslint/no-unused-vars

./src/app/api/webhooks/razorpay/route.ts
56:11  Warning: 'dbPayment' is assigned a value but never used. Allowed unused vars must match /^_/u.  
@typescript-eslint/no-unused-vars

./src/app/chat/[id]/page.tsx
53:6  Warning: React Hook useEffect has a missing dependency: 'fetchChatData'. Either include it or remove the 
dependency array.  react-hooks/exhaustive-deps

./src/app/compare/page.tsx
8:42  Warning: 'Tag' is defined but never used. Allowed unused vars must match /^_/u.  
@typescript-eslint/no-unused-vars

./src/app/complete-profile/page.tsx
19:3  Warning: 'AlertCircle' is defined but never used. Allowed unused vars must match /^_/u.  
@typescript-eslint/no-unused-vars
155:14  Warning: 'err' is defined but never used. Allowed unused caught errors must match /^_/u.  
@typescript-eslint/no-unused-vars

./src/app/login/page.tsx
57:6  Warning: React Hook useEffect has an unnecessary dependency: 'auth'. Either exclude it or remove the dependency 
array. Outer scope values like 'auth' aren't valid dependencies because mutating them doesn't re-render the component. 
 react-hooks/exhaustive-deps

./src/app/notifications/page.tsx
24:6  Warning: React Hook useEffect has a missing dependency: 'fetchNotifications'. Either include it or remove the 
dependency array.  react-hooks/exhaustive-deps

./src/app/page.tsx
3:8  Warning: 'CategoryCard' is defined but never used. Allowed unused vars must match /^_/u.  
@typescript-eslint/no-unused-vars
4:8  Warning: 'ProductCard' is defined but never used. Allowed unused vars must match /^_/u.  
@typescript-eslint/no-unused-vars
6:10  Warning: 'getTrendingProducts' is defined but never used. Allowed unused vars must match /^_/u.  
@typescript-eslint/no-unused-vars
6:31  Warning: 'getRecentlyAdded' is defined but never used. Allowed unused vars must match /^_/u.  
@typescript-eslint/no-unused-vars
6:49  Warning: 'getPopularRentals' is defined but never used. Allowed unused vars must match /^_/u.  
@typescript-eslint/no-unused-vars
6:68  Warning: 'getVerifiedSellersProducts' is defined but never used. Allowed unused vars must match /^_/u.  
@typescript-eslint/no-unused-vars

./src/app/product/edit/[id]/page.tsx
50:6  Warning: React Hook useEffect has missing dependencies: 'fetchProduct' and 'router'. Either include them or 
remove the dependency array.  react-hooks/exhaustive-deps
124:11  Error: 'uploadedUrls' is never reassigned. Use 'const' instead.  prefer-const
369:25  Warning: img elements must have an alt prop, either with meaningful text, or an empty string for decorative 
images.  jsx-a11y/alt-text
375:25  Warning: img elements must have an alt prop, either with meaningful text, or an empty string for decorative 
images.  jsx-a11y/alt-text

./src/app/product/[id]/page.tsx
2:10  Warning: 'ArrowLeft' is defined but never used. Allowed unused vars must match /^_/u.  
@typescript-eslint/no-unused-vars
2:21  Warning: 'MessageSquare' is defined but never used. Allowed unused vars must match /^_/u.  
@typescript-eslint/no-unused-vars
2:36  Warning: 'Tag' is defined but never used. Allowed unused vars must match /^_/u.  
@typescript-eslint/no-unused-vars
2:41  Warning: 'MapPin' is defined but never used. Allowed unused vars must match /^_/u.  
@typescript-eslint/no-unused-vars
2:49  Warning: 'Clock' is defined but never used. Allowed unused vars must match /^_/u.  
@typescript-eslint/no-unused-vars
2:69  Warning: 'Share2' is defined but never used. Allowed unused vars must match /^_/u.  
@typescript-eslint/no-unused-vars
2:77  Warning: 'Heart' is defined but never used. Allowed unused vars must match /^_/u.  
@typescript-eslint/no-unused-vars
4:10  Warning: 'formatDistanceToNow' is defined but never used. Allowed unused vars must match /^_/u.  
@typescript-eslint/no-unused-vars
9:8  Warning: 'WishlistButton' is defined but never used. Allowed unused vars must match /^_/u.  
@typescript-eslint/no-unused-vars
32:9  Warning: 'sellerName' is assigned a value but never used. Allowed unused vars must match /^_/u.  
@typescript-eslint/no-unused-vars
33:9  Warning: 'sellerJoined' is assigned a value but never used. Allowed unused vars must match /^_/u.  
@typescript-eslint/no-unused-vars
34:9  Warning: 'sellerRating' is assigned a value but never used. Allowed unused vars must match /^_/u.  
@typescript-eslint/no-unused-vars
35:9  Warning: 'sellerDeals' is assigned a value but never used. Allowed unused vars must match /^_/u.  
@typescript-eslint/no-unused-vars
36:9  Warning: 'sellerCourse' is assigned a value but never used. Allowed unused vars must match /^_/u.  
@typescript-eslint/no-unused-vars
37:9  Warning: 'sellerBatch' is assigned a value but never used. Allowed unused vars must match /^_/u.  
@typescript-eslint/no-unused-vars

./src/app/requests/page.tsx
4:31  Warning: 'Tag' is defined but never used. Allowed unused vars must match /^_/u.  
@typescript-eslint/no-unused-vars
4:44  Warning: 'Filter' is defined but never used. Allowed unused vars must match /^_/u.  
@typescript-eslint/no-unused-vars

./src/app/search/page.tsx
1:51  Warning: 'Filter' is defined but never used. Allowed unused vars must match /^_/u.  
@typescript-eslint/no-unused-vars

./src/app/sell/page.tsx
3:31  Warning: 'useRef' is defined but never used. Allowed unused vars must match /^_/u.  
@typescript-eslint/no-unused-vars
7:33  Warning: 'Search' is defined but never used. Allowed unused vars must match /^_/u.  
@typescript-eslint/no-unused-vars
9:32  Warning: 'AlertCircle' is defined but never used. Allowed unused vars must match /^_/u.  
@typescript-eslint/no-unused-vars
10:3  Warning: 'ChevronRight' is defined but never used. Allowed unused vars must match /^_/u.  
@typescript-eslint/no-unused-vars
770:21  Warning: img elements must have an alt prop, either with meaningful text, or an empty string for decorative 
images.  jsx-a11y/alt-text

./src/components/ai/SmartBuyAssistant.tsx
12:3  Warning: 'TrendingUp' is defined but never used. Allowed unused vars must match /^_/u.  
@typescript-eslint/no-unused-vars
13:3  Warning: 'Shield' is defined but never used. Allowed unused vars must match /^_/u.  
@typescript-eslint/no-unused-vars
14:3  Warning: 'Clock' is defined but never used. Allowed unused vars must match /^_/u.  
@typescript-eslint/no-unused-vars
15:3  Warning: 'CircleDollarSign' is defined but never used. Allowed unused vars must match /^_/u.  
@typescript-eslint/no-unused-vars

./src/components/dashboard/BillingHistory.tsx
6:32  Warning: 'ExternalLink' is defined but never used. Allowed unused vars must match /^_/u.  
@typescript-eslint/no-unused-vars
7:8  Warning: 'prisma' is defined but never used. Allowed unused vars must match /^_/u.  
@typescript-eslint/no-unused-vars

./src/components/forms/CategoryConditionForm.tsx
5:17  Warning: 'ChevronRight' is defined but never used. Allowed unused vars must match /^_/u.  
@typescript-eslint/no-unused-vars
5:43  Warning: 'AlertCircle' is defined but never used. Allowed unused vars must match /^_/u.  
@typescript-eslint/no-unused-vars
6:22  Warning: 'Category' is defined but never used. Allowed unused vars must match /^_/u.  
@typescript-eslint/no-unused-vars
6:32  Warning: 'Subcategory' is defined but never used. Allowed unused vars must match /^_/u.  
@typescript-eslint/no-unused-vars
23:3  Warning: 'initialCondition' is defined but never used. Allowed unused args must match /^_/u.  
@typescript-eslint/no-unused-vars

./src/components/home/TrendingDeals.tsx
3:10  Warning: 'Zap' is defined but never used. Allowed unused vars must match /^_/u.  
@typescript-eslint/no-unused-vars
3:15  Warning: 'ArrowRight' is defined but never used. Allowed unused vars must match /^_/u.  
@typescript-eslint/no-unused-vars
4:8  Warning: 'Link' is defined but never used. Allowed unused vars must match /^_/u.  
@typescript-eslint/no-unused-vars

./src/components/home/VerifiedSellers.tsx
3:10  Warning: 'ShieldCheck' is defined but never used. Allowed unused vars must match /^_/u.  
@typescript-eslint/no-unused-vars
4:8  Warning: 'Link' is defined but never used. Allowed unused vars must match /^_/u.  
@typescript-eslint/no-unused-vars

./src/components/layout/CompareBar.tsx
5:10  Warning: 'X' is defined but never used. Allowed unused vars must match /^_/u.  @typescript-eslint/no-unused-vars
10:32  Warning: 'toggleCompare' is assigned a value but never used. Allowed unused vars must match /^_/u.  
@typescript-eslint/no-unused-vars

./src/components/layout/Footer.tsx
2:10  Warning: 'ShoppingBag' is defined but never used. Allowed unused vars must match /^_/u.  
@typescript-eslint/no-unused-vars

./src/components/layout/Navbar.tsx
20:3  Warning: 'ShieldCheck' is defined but never used. Allowed unused vars must match /^_/u.  
@typescript-eslint/no-unused-vars
28:10  Warning: 'CATEGORIES' is defined but never used. Allowed unused vars must match /^_/u.  
@typescript-eslint/no-unused-vars
40:10  Warning: 'selectedCategory' is assigned a value but never used. Allowed unused elements of array destructuring 
must match /^_/u.  @typescript-eslint/no-unused-vars
40:28  Warning: 'setSelectedCategory' is assigned a value but never used. Allowed unused elements of array 
destructuring must match /^_/u.  @typescript-eslint/no-unused-vars
41:30  Warning: 'setSelectedCategoryId' is assigned a value but never used. Allowed unused elements of array 
destructuring must match /^_/u.  @typescript-eslint/no-unused-vars

./src/components/product/ExchangeOfferModal.tsx
4:48  Warning: 'IndianRupee' is defined but never used. Allowed unused vars must match /^_/u.  
@typescript-eslint/no-unused-vars
8:18  Warning: 'AnimatePresence' is defined but never used. Allowed unused vars must match /^_/u.  
@typescript-eslint/no-unused-vars

./src/components/product/PricingCard.tsx
4:45  Warning: 'Phone' is defined but never used. Allowed unused vars must match /^_/u.  
@typescript-eslint/no-unused-vars
6:10  Warning: 'formatDistanceToNow' is defined but never used. Allowed unused vars must match /^_/u.  
@typescript-eslint/no-unused-vars
35:9  Warning: 'isVerified' is assigned a value but never used. Allowed unused vars must match /^_/u.  
@typescript-eslint/no-unused-vars

./src/components/product/RentNowModal.tsx
4:20  Warning: 'MapPin' is defined but never used. Allowed unused vars must match /^_/u.  
@typescript-eslint/no-unused-vars

./src/components/product/WishlistButton.tsx
46:14  Warning: 'err' is defined but never used. Allowed unused caught errors must match /^_/u.  
@typescript-eslint/no-unused-vars

./src/components/search/SearchSidebar.tsx
44:9  Warning: 'handleChange' is assigned a value but never used. Allowed unused vars must match /^_/u.  
@typescript-eslint/no-unused-vars

./src/components/ui/CampusSelector.tsx
4:10  Warning: 'Search' is defined but never used. Allowed unused vars must match /^_/u.  
@typescript-eslint/no-unused-vars
4:37  Warning: 'Check' is defined but never used. Allowed unused vars must match /^_/u.  
@typescript-eslint/no-unused-vars
4:44  Warning: 'Loader2' is defined but never used. Allowed unused vars must match /^_/u.  
@typescript-eslint/no-unused-vars
5:59  Warning: 'requestCampusAddition' is defined but never used. Allowed unused vars must match /^_/u.  
@typescript-eslint/no-unused-vars

./src/components/ui/ProductCard.tsx
34:59  Warning: 'isVerified' is defined but never used. Allowed unused args must match /^_/u.  
@typescript-eslint/no-unused-vars

./src/components/ui/ProductSkeleton.tsx
3:10  Warning: 'motion' is defined but never used. Allowed unused vars must match /^_/u.  
@typescript-eslint/no-unused-vars

./src/context/NotificationContext.tsx
59:6  Warning: React Hook useEffect has a missing dependency: 'refreshNotifications'. Either include it or remove the 
dependency array.  react-hooks/exhaustive-deps

./src/lib/chat-utils.ts
37:23  Warning: 'userId' is defined but never used. Allowed unused args must match /^_/u.  
@typescript-eslint/no-unused-vars
37:39  Warning: 'partnerId' is defined but never used. Allowed unused args must match /^_/u.  
@typescript-eslint/no-unused-vars
37:58  Warning: 'callback' is defined but never used. Allowed unused args must match /^_/u.  
@typescript-eslint/no-unused-vars

./src/lib/constants.ts
9:3  Warning: 'Watch' is defined but never used. Allowed unused vars must match /^_/u.  
@typescript-eslint/no-unused-vars
10:3  Warning: 'Calculator' is defined but never used. Allowed unused vars must match /^_/u.  
@typescript-eslint/no-unused-vars
11:3  Warning: 'Coffee' is defined but never used. Allowed unused vars must match /^_/u.  
@typescript-eslint/no-unused-vars

./src/lib/server-logger.ts
1:8  Warning: 'prisma' is defined but never used. Allowed unused vars must match /^_/u.  
@typescript-eslint/no-unused-vars

info  - Need to disable some ESLint rules? Learn more here: 
https://nextjs.org/docs/app/api-reference/config/eslint#disabling-rules
